// Jest Snapshot v1, https://goo.gl/fbAQLP

exports[`Simple component should have basic snapshoot 1`] = `
<div>
  <h1>
    Simple form
  </h1>
  <form
    onSubmit={[Function]}
  >
    <C
      component={[Function]}
      label="email"
      name="email"
    />
    <button
      className="outline"
      disabled={true}
      onClick={[Function]}
      type="button"
    >
      Reset
    </button>
    <button
      disabled={false}
      type="submit"
    >
      Submit
    </button>
  </form>
</div>
`;
